------------------------------------------------------------
Timing Analyzer Summary
------------------------------------------------------------

Type  : Slow 1100mV 85C Model Setup 'pll_inst|vga_pll_inst|altera_pll_i|general[0].gpll~PLL_OUTPUT_COUNTER|divclk'
Slack : 22.092
TNS   : 0.000

Type  : Slow 1100mV 85C Model Hold 'pll_inst|vga_pll_inst|altera_pll_i|general[0].gpll~PLL_OUTPUT_COUNTER|divclk'
Slack : 0.372
TNS   : 0.000

Type  : Slow 1100mV 85C Model Minimum Pulse Width 'pll_inst|vga_pll_inst|altera_pll_i|general[0].gpll~FRACTIONAL_PLL|vcoph[0]'
Slack : 0.325
TNS   : 0.000

Type  : Slow 1100mV 85C Model Minimum Pulse Width 'CLOCK_50'
Slack : 9.900
TNS   : 0.000

Type  : Slow 1100mV 85C Model Minimum Pulse Width 'pll_inst|vga_pll_inst|altera_pll_i|general[0].gpll~PLL_OUTPUT_COUNTER|divclk'
Slack : 18.631
TNS   : 0.000

Type  : Slow 1100mV 0C Model Setup 'pll_inst|vga_pll_inst|altera_pll_i|general[0].gpll~PLL_OUTPUT_COUNTER|divclk'
Slack : 22.520
TNS   : 0.000

Type  : Slow 1100mV 0C Model Hold 'pll_inst|vga_pll_inst|altera_pll_i|general[0].gpll~PLL_OUTPUT_COUNTER|divclk'
Slack : 0.371
TNS   : 0.000

Type  : Slow 1100mV 0C Model Minimum Pulse Width 'pll_inst|vga_pll_inst|altera_pll_i|general[0].gpll~FRACTIONAL_PLL|vcoph[0]'
Slack : 0.325
TNS   : 0.000

Type  : Slow 1100mV 0C Model Minimum Pulse Width 'CLOCK_50'
Slack : 9.926
TNS   : 0.000

Type  : Slow 1100mV 0C Model Minimum Pulse Width 'pll_inst|vga_pll_inst|altera_pll_i|general[0].gpll~PLL_OUTPUT_COUNTER|divclk'
Slack : 18.612
TNS   : 0.000

Type  : Fast 1100mV 85C Model Setup 'pll_inst|vga_pll_inst|altera_pll_i|general[0].gpll~PLL_OUTPUT_COUNTER|divclk'
Slack : 28.437
TNS   : 0.000

Type  : Fast 1100mV 85C Model Hold 'pll_inst|vga_pll_inst|altera_pll_i|general[0].gpll~PLL_OUTPUT_COUNTER|divclk'
Slack : 0.179
TNS   : 0.000

Type  : Fast 1100mV 85C Model Minimum Pulse Width 'pll_inst|vga_pll_inst|altera_pll_i|general[0].gpll~FRACTIONAL_PLL|vcoph[0]'
Slack : 0.325
TNS   : 0.000

Type  : Fast 1100mV 85C Model Minimum Pulse Width 'CLOCK_50'
Slack : 9.643
TNS   : 0.000

Type  : Fast 1100mV 85C Model Minimum Pulse Width 'pll_inst|vga_pll_inst|altera_pll_i|general[0].gpll~PLL_OUTPUT_COUNTER|divclk'
Slack : 18.748
TNS   : 0.000

Type  : Fast 1100mV 0C Model Setup 'pll_inst|vga_pll_inst|altera_pll_i|general[0].gpll~PLL_OUTPUT_COUNTER|divclk'
Slack : 29.629
TNS   : 0.000

Type  : Fast 1100mV 0C Model Hold 'pll_inst|vga_pll_inst|altera_pll_i|general[0].gpll~PLL_OUTPUT_COUNTER|divclk'
Slack : 0.173
TNS   : 0.000

Type  : Fast 1100mV 0C Model Minimum Pulse Width 'pll_inst|vga_pll_inst|altera_pll_i|general[0].gpll~FRACTIONAL_PLL|vcoph[0]'
Slack : 0.325
TNS   : 0.000

Type  : Fast 1100mV 0C Model Minimum Pulse Width 'CLOCK_50'
Slack : 9.632
TNS   : 0.000

Type  : Fast 1100mV 0C Model Minimum Pulse Width 'pll_inst|vga_pll_inst|altera_pll_i|general[0].gpll~PLL_OUTPUT_COUNTER|divclk'
Slack : 18.747
TNS   : 0.000

------------------------------------------------------------
